C:\ST\STM32CubeIDE_1.18.0\STM32CubeIDE\plugins\com.st.stm32cube.ide.mcu.externaltools.gnu-tools-for-stm32.13.3.rel1.win32_1.0.0.202411081344\tools\bin/../lib/gcc/arm-none-eabi/13.3.1/../../../../arm-none-eabi/include/c++/13.3.1/bits/char_traits.h:374:7:static int std::char_traits<char>::compare(const char_type*, const char_type*, std::size_t)	24	static
C:\ST\STM32CubeIDE_1.18.0\STM32CubeIDE\plugins\com.st.stm32cube.ide.mcu.externaltools.gnu-tools-for-stm32.13.3.rel1.win32_1.0.0.202411081344\tools\bin/../lib/gcc/arm-none-eabi/13.3.1/../../../../arm-none-eabi/include/c++/13.3.1/bits/char_traits.h:393:7:static std::size_t std::char_traits<char>::length(const char_type*)	16	static
../Core/Src/main.cpp:264:5:int main()	16	static
../Core/Src/main.cpp:344:6:void SystemClock_Config()	88	static
../Core/Src/main.cpp:385:13:void MX_ADC1_Init()	56	static
../Core/Src/main.cpp:489:13:void MX_DAC1_Init()	56	static
../Core/Src/main.cpp:543:13:void MX_DAC2_Init()	56	static
../Core/Src/main.cpp:590:13:void MX_DAC3_Init()	56	static
../Core/Src/main.cpp:637:13:void MX_DAC4_Init()	56	static
../Core/Src/main.cpp:684:13:void MX_I2C3_Init()	8	static
../Core/Src/main.cpp:732:13:void MX_OPAMP1_Init()	8	static
../Core/Src/main.cpp:764:13:void MX_OPAMP4_Init()	8	static
../Core/Src/main.cpp:796:13:void MX_TIM1_Init()	104	static
../Core/Src/main.cpp:880:13:void MX_TIM2_Init()	56	static
../Core/Src/main.cpp:929:13:void MX_TIM3_Init()	56	static
../Core/Src/main.cpp:978:13:void MX_TIM4_Init()	56	static
../Core/Src/main.cpp:1027:13:void MX_TIM5_Init()	56	static
../Core/Src/main.cpp:1076:13:void MX_TIM6_Init()	24	static
../Core/Src/main.cpp:1114:13:void MX_TIM8_Init()	56	static
../Core/Src/main.cpp:1165:13:void MX_TIM17_Init()	88	static
../Core/Src/main.cpp:1228:13:void MX_USART1_UART_Init()	8	static
../Core/Src/main.cpp:1276:13:void MX_GPIO_Init()	48	static
../Core/Src/main.cpp:1343:6:void cmd_parse(int*, std::string*)	112	static
../Core/Src/main.cpp:1602:6:void HAL_UART_RxCpltCallback(UART_HandleTypeDef*)	48	static
../Core/Src/main.cpp:1637:10:uint16_t micros()	4	static
../Core/Src/main.cpp:1648:10:uint16_t time_diff(uint16_t, uint16_t)	24	static
../Core/Src/main.cpp:1674:6:void Error_Handler()	4	static,ignoring_inline_asm
C:\ST\STM32CubeIDE_1.18.0\STM32CubeIDE\plugins\com.st.stm32cube.ide.mcu.externaltools.gnu-tools-for-stm32.13.3.rel1.win32_1.0.0.202411081344\tools\bin/../lib/gcc/arm-none-eabi/13.3.1/../../../../arm-none-eabi/include/c++/13.3.1/bits/basic_string.h:3727:5:bool std::operator==(const __cxx11::basic_string<_CharT, _Traits, _Alloc>&, const _CharT*) [with _CharT = char; _Traits = char_traits<char>; _Alloc = allocator<char>]	24	static
C:\ST\STM32CubeIDE_1.18.0\STM32CubeIDE\plugins\com.st.stm32cube.ide.mcu.externaltools.gnu-tools-for-stm32.13.3.rel1.win32_1.0.0.202411081344\tools\arm-none-eabi\include\c++\13.3.1\bits\new_allocator.h:104:7:std::__new_allocator<_Tp>::~__new_allocator() [with _Tp = char]	16	static
../Core/Src/main.cpp:1683:1:void __static_initialization_and_destruction_0()	48	static
../Core/Src/main.cpp:1683:1:void __static_initialization_and_destruction_1()	8	static
../Core/Src/main.cpp:1683:1:cpp)	8	static
../Core/Src/main.cpp:1683:1:cpp)	8	static
