08:41:43 **** Incremental Build of configuration Debug for project Lab_2_Spin_Motor ****
make -j8 all 
arm-none-eabi-gcc "../Core/Src/main.c" -mcpu=cortex-m4 -std=gnu11 -g3 -DDEBUG -DUSE_HAL_DRIVER -DSTM32F411xE -c -I../Core/Inc -I../Drivers/STM32F4xx_HAL_Driver/Inc -I../Drivers/STM32F4xx_HAL_Driver/Inc/Legacy -I../Drivers/CMSIS/Device/ST/STM32F4xx/Include -I../Drivers/CMSIS/Include -O0 -ffunction-sections -fdata-sections -Wall -fstack-usage -fcyclomatic-complexity -MMD -MP -MF"Core/Src/main.d" -MT"Core/Src/main.o" --specs=nano.specs -mfpu=fpv4-sp-d16 -mfloat-abi=hard -mthumb -o "Core/Src/main.o"
arm-none-eabi-gcc -o "Lab_2_Spin_Motor.elf" @"objects.list"   -mcpu=cortex-m4 -T"C:\Users\colin\Desktop\College\CalPoly\2024-2025\SP25\ME 507\Development\Lab_2_Spin_Motor\STM32F411CEUX_FLASH.ld" --specs=nosys.specs -Wl,-Map="Lab_2_Spin_Motor.map" -Wl,--gc-sections -static --specs=nano.specs -mfpu=fpv4-sp-d16 -mfloat-abi=hard -mthumb -Wl,--start-group -lc -lm -Wl,--end-group
Finished building target: Lab_2_Spin_Motor.elf
 
arm-none-eabi-size  Lab_2_Spin_Motor.elf 
arm-none-eabi-objdump -h -S Lab_2_Spin_Motor.elf  > "Lab_2_Spin_Motor.list"
   text	   data	    bss	    dec	    hex	filename
  20564	    116	   2196	  22876	   595c	Lab_2_Spin_Motor.elf
Finished building: default.size.stdout
 
Finished building: Lab_2_Spin_Motor.list
 

08:41:46 Build Finished. 0 errors, 0 warnings. (took 2s.781ms)

